// Jest Snapshot v1, https://goo.gl/fbAQLP

exports[`should render LoginPage correctly 1`] = `
<div>
  <form>
    <input
      placeholder="Username"
      type="text"
    />
    <input
      placeholder="Password"
      type="password"
    />
  </form>
</div>
`;
